tft.c:48:6:PIN_LOW	0	static
tft.c:52:6:PIN_HIGH	0	static
tft.c:293:13:writecmddata	32	static
tft.c:342:13:init_table16	16	static
tft.c:300:13:WriteCmdParamN	32	static
tft.c:323:13:init_table	40	static
tft.c:284:13:write24	32	static
tft.c:244:13:pushColors_any	48	static
tft.c:56:6:PIN_INPUT	24	static
tft.c:65:6:PIN_OUTPUT	24	static
tft.c:123:10:width	0	static
tft.c:127:10:height	0	static
tft.c:160:10:color565	0	static
tft.c:176:6:WriteCmdData	0	static
tft.c:187:6:pushCommand	0	static
tft.c:220:6:setReadDir	16	static
tft.c:231:6:setWriteDir	16	static
tft.c:356:6:reset	16	static
tft.c:381:10:readReg	88	static
tft.c:400:10:readReg32	16	static
tft.c:406:10:readReg40	16	static
tft.c:2504:10:readID	16	static
tft.c:2833:6:setAddrWindow	32	static
tft.c:2602:9:readGRAM	80	static
tft.c:163:10:readPixel	24	static
tft.c:2814:6:drawPixel	8	static
tft.c:2883:6:vertScroll	32	static
tft.c:2667:6:setRotation	56	static
tft.c:2962:6:pushColors16b	16	static
tft.c:2965:6:pushColors8b	16	static
tft.c:2968:6:pushColors4n	16	static
tft.c:2977:6:invertDisplay	8	static
tft.c:413:6:tft_init	32	static
tft.c:3030:6:writePixel	0	static
tft.c:3034:6:writeLine	48	static
tft.c:3087:6:drawCircle	72	static
tft.c:3120:6:drawCircleHelper	56	static
tft.c:3209:6:fillRect	64	static
tft.c:2973:6:fillScreen	16	static
tft.c:3023:6:drawFastVLine	16	static
tft.c:3161:6:fillCircleHelper	64	static
tft.c:3156:6:fillCircle	32	static
tft.c:3026:6:drawFastHLine	16	static
tft.c:3073:6:drawLine	20	static
tft.c:3202:6:drawRect	24	static
tft.c:3298:6:drawRoundRect	64	static
tft.c:3315:6:fillRoundRect	56	static
tft.c:3327:6:drawTriangle	40	static
tft.c:3334:6:fillTriangle	72	static
tft.c:3417:6:testFillScreen	8	static
tft.c:3425:6:testLines	48	static
tft.c:3473:6:testFastLines	32	static
tft.c:3483:6:testRects	32	static
tft.c:3495:6:testFilledRects	48	static
tft.c:3509:6:testFilledCircles	48	static
tft.c:3521:6:testCircles	40	static
tft.c:3534:6:testTriangles	40	static
tft.c:3548:6:testFilledTriangles	64	static
tft.c:3560:6:testRoundRects	40	static
tft.c:3575:6:testFilledRoundRects	32	static
tft.c:3589:6:drawChar	96	static
tft.c:3639:8:write	32	static
tft.c:3689:6:setFont	0	static
tft.c:3717:6:charBounds	48	static
tft.c:3795:6:getTextBounds	56	static
tft.c:3818:6:printnewtstr	24	static
tft.c:3827:6:printstr	8	static
tft.c:3832:6:setTextWrap	0	static
tft.c:3836:6:setTextColor	0	static
tft.c:3840:6:setTextSize	0	static
tft.c:3844:6:setCursor	0	static
tft.c:3849:9:getRotation	0	static
tft.c:3853:6:scrollup	32	static
tft.c:3869:6:scrolldown	32	static
