Archive member included to satisfy reference by file (symbol)

e:/1a asu racing team/atollic/truestudio for stm32 9.3.0/armtools/bin/../lib/gcc/arm-atollic-eabi/6.3.1/../../../../arm-atollic-eabi/lib/armv7-m\libc_nano.a(lib_a-errno.o)
                              Src\syscalls.o (__errno)
e:/1a asu racing team/atollic/truestudio for stm32 9.3.0/armtools/bin/../lib/gcc/arm-atollic-eabi/6.3.1/../../../../arm-atollic-eabi/lib/armv7-m\libc_nano.a(lib_a-impure.o)
                              e:/1a asu racing team/atollic/truestudio for stm32 9.3.0/armtools/bin/../lib/gcc/arm-atollic-eabi/6.3.1/../../../../arm-atollic-eabi/lib/armv7-m\libc_nano.a(lib_a-errno.o) (_impure_ptr)
e:/1a asu racing team/atollic/truestudio for stm32 9.3.0/armtools/bin/../lib/gcc/arm-atollic-eabi/6.3.1/../../../../arm-atollic-eabi/lib/armv7-m\libc_nano.a(lib_a-init.o)
                              startup\startup_stm32f103xb.o (__libc_init_array)
e:/1a asu racing team/atollic/truestudio for stm32 9.3.0/armtools/bin/../lib/gcc/arm-atollic-eabi/6.3.1/../../../../arm-atollic-eabi/lib/armv7-m\libc_nano.a(lib_a-itoa.o)
                              Src\DrawingFunctions.o (itoa)
e:/1a asu racing team/atollic/truestudio for stm32 9.3.0/armtools/bin/../lib/gcc/arm-atollic-eabi/6.3.1/../../../../arm-atollic-eabi/lib/armv7-m\libc_nano.a(lib_a-memset.o)
                              Drivers\STM32F1xx_HAL_Driver\Src\stm32f1xx_hal_rcc.o (memset)
e:/1a asu racing team/atollic/truestudio for stm32 9.3.0/armtools/bin/../lib/gcc/arm-atollic-eabi/6.3.1/../../../../arm-atollic-eabi/lib/armv7-m\libc_nano.a(lib_a-sprintf.o)
                              Src\main.o (sprintf)
e:/1a asu racing team/atollic/truestudio for stm32 9.3.0/armtools/bin/../lib/gcc/arm-atollic-eabi/6.3.1/../../../../arm-atollic-eabi/lib/armv7-m\libc_nano.a(lib_a-utoa.o)
                              e:/1a asu racing team/atollic/truestudio for stm32 9.3.0/armtools/bin/../lib/gcc/arm-atollic-eabi/6.3.1/../../../../arm-atollic-eabi/lib/armv7-m\libc_nano.a(lib_a-itoa.o) (__utoa)
e:/1a asu racing team/atollic/truestudio for stm32 9.3.0/armtools/bin/../lib/gcc/arm-atollic-eabi/6.3.1/../../../../arm-atollic-eabi/lib/armv7-m\libc_nano.a(lib_a-nano-svfprintf.o)
                              e:/1a asu racing team/atollic/truestudio for stm32 9.3.0/armtools/bin/../lib/gcc/arm-atollic-eabi/6.3.1/../../../../arm-atollic-eabi/lib/armv7-m\libc_nano.a(lib_a-sprintf.o) (_svfprintf_r)
e:/1a asu racing team/atollic/truestudio for stm32 9.3.0/armtools/bin/../lib/gcc/arm-atollic-eabi/6.3.1/../../../../arm-atollic-eabi/lib/armv7-m\libc_nano.a(lib_a-nano-vfprintf_i.o)
                              e:/1a asu racing team/atollic/truestudio for stm32 9.3.0/armtools/bin/../lib/gcc/arm-atollic-eabi/6.3.1/../../../../arm-atollic-eabi/lib/armv7-m\libc_nano.a(lib_a-nano-svfprintf.o) (_printf_i)
e:/1a asu racing team/atollic/truestudio for stm32 9.3.0/armtools/bin/../lib/gcc/arm-atollic-eabi/6.3.1/../../../../arm-atollic-eabi/lib/armv7-m\libc_nano.a(lib_a-memchr-stub.o)
                              e:/1a asu racing team/atollic/truestudio for stm32 9.3.0/armtools/bin/../lib/gcc/arm-atollic-eabi/6.3.1/../../../../arm-atollic-eabi/lib/armv7-m\libc_nano.a(lib_a-nano-svfprintf.o) (memchr)
e:/1a asu racing team/atollic/truestudio for stm32 9.3.0/armtools/bin/../lib/gcc/arm-atollic-eabi/6.3.1/../../../../arm-atollic-eabi/lib/armv7-m\libc_nano.a(lib_a-memcpy-stub.o)
                              e:/1a asu racing team/atollic/truestudio for stm32 9.3.0/armtools/bin/../lib/gcc/arm-atollic-eabi/6.3.1/../../../../arm-atollic-eabi/lib/armv7-m\libc_nano.a(lib_a-nano-svfprintf.o) (memcpy)
e:/1a asu racing team/atollic/truestudio for stm32 9.3.0/armtools/bin/../lib/gcc/arm-atollic-eabi/6.3.1/../../../../arm-atollic-eabi/lib/armv7-m\libc_nano.a(lib_a-memmove.o)
                              e:/1a asu racing team/atollic/truestudio for stm32 9.3.0/armtools/bin/../lib/gcc/arm-atollic-eabi/6.3.1/../../../../arm-atollic-eabi/lib/armv7-m\libc_nano.a(lib_a-nano-svfprintf.o) (memmove)
e:/1a asu racing team/atollic/truestudio for stm32 9.3.0/armtools/bin/../lib/gcc/arm-atollic-eabi/6.3.1/../../../../arm-atollic-eabi/lib/armv7-m\libc_nano.a(lib_a-nano-freer.o)
                              e:/1a asu racing team/atollic/truestudio for stm32 9.3.0/armtools/bin/../lib/gcc/arm-atollic-eabi/6.3.1/../../../../arm-atollic-eabi/lib/armv7-m\libc_nano.a(lib_a-nano-svfprintf.o) (_free_r)
e:/1a asu racing team/atollic/truestudio for stm32 9.3.0/armtools/bin/../lib/gcc/arm-atollic-eabi/6.3.1/../../../../arm-atollic-eabi/lib/armv7-m\libc_nano.a(lib_a-nano-mallocr.o)
                              e:/1a asu racing team/atollic/truestudio for stm32 9.3.0/armtools/bin/../lib/gcc/arm-atollic-eabi/6.3.1/../../../../arm-atollic-eabi/lib/armv7-m\libc_nano.a(lib_a-nano-svfprintf.o) (_malloc_r)
[...]
Memory Configuration

Name             Origin             Length             Attributes
RAM              0x20000000         0x00005000         xrw
FLASH            0x08000000         0x00010000         xr
*default*        0x00000000         0xffffffff

Linker script and memory map

LOAD e:/1a asu racing team/atollic/truestudio for stm32 9.3.0/armtools/bin/../lib/gcc/arm-atollic-eabi/6.3.1/armv7-m/crti.o
LOAD e:/1a asu racing team/atollic/truestudio for stm32 9.3.0/armtools/bin/../lib/gcc/arm-atollic-eabi/6.3.1/armv7-m/crtbegin.o
LOAD Drivers\STM32F1xx_HAL_Driver\Src\stm32f1xx_hal.o
LOAD Drivers\STM32F1xx_HAL_Driver\Src\stm32f1xx_hal_cortex.o
LOAD Drivers\STM32F1xx_HAL_Driver\Src\stm32f1xx_hal_dma.o
LOAD Drivers\STM32F1xx_HAL_Driver\Src\stm32f1xx_hal_exti.o
LOAD Drivers\STM32F1xx_HAL_Driver\Src\stm32f1xx_hal_flash.o
LOAD Drivers\STM32F1xx_HAL_Driver\Src\stm32f1xx_hal_flash_ex.o
LOAD Drivers\STM32F1xx_HAL_Driver\Src\stm32f1xx_hal_gpio.o
LOAD Drivers\STM32F1xx_HAL_Driver\Src\stm32f1xx_hal_gpio_ex.o
LOAD Drivers\STM32F1xx_HAL_Driver\Src\stm32f1xx_hal_pwr.o
LOAD Drivers\STM32F1xx_HAL_Driver\Src\stm32f1xx_hal_rcc.o
LOAD Drivers\STM32F1xx_HAL_Driver\Src\stm32f1xx_hal_rcc_ex.o
LOAD Drivers\STM32F1xx_HAL_Driver\Src\stm32f1xx_hal_tim.o
LOAD Drivers\STM32F1xx_HAL_Driver\Src\stm32f1xx_hal_tim_ex.o
LOAD Src\DrawingFunctions.o
LOAD Src\SteeringWheel.o
LOAD Src\fonts.o
LOAD Src\main.o
LOAD Src\stm32f1xx_hal_msp.o
LOAD Src\stm32f1xx_it.o
LOAD Src\syscalls.o
LOAD Src\system_stm32f1xx.o
LOAD Src\tft.o
LOAD startup\startup_stm32f103xb.o
                0x00000080                malloc_getpagesize_P = 0x80
START GROUP
LOAD e:/1a asu racing team/atollic/truestudio for stm32 9.3.0/armtools/bin/../lib/gcc/arm-atollic-eabi/6.3.1/../../../../arm-atollic-eabi/lib/armv7-m\libc_nano.a
LOAD e:/1a asu racing team/atollic/truestudio for stm32 9.3.0/armtools/bin/../lib/gcc/arm-atollic-eabi/6.3.1/../../../../arm-atollic-eabi/lib/armv7-m\libm.a
END GROUP
START GROUP
LOAD e:/1a asu racing team/atollic/truestudio for stm32 9.3.0/armtools/bin/../lib/gcc/arm-atollic-eabi/6.3.1/armv7-m\libgcc.a
LOAD e:/1a asu racing team/atollic/truestudio for stm32 9.3.0/armtools/bin/../lib/gcc/arm-atollic-eabi/6.3.1/../../../../arm-atollic-eabi/lib/armv7-m\libc_nano.a
END GROUP
START GROUP
LOAD e:/1a asu racing team/atollic/truestudio for stm32 9.3.0/armtools/bin/../lib/gcc/arm-atollic-eabi/6.3.1/armv7-m\libgcc.a
LOAD e:/1a asu racing team/atollic/truestudio for stm32 9.3.0/armtools/bin/../lib/gcc/arm-atollic-eabi/6.3.1/../../../../arm-atollic-eabi/lib/armv7-m\libc_nano.a
LOAD e:/1a asu racing team/atollic/truestudio for stm32 9.3.0/armtools/bin/../lib/gcc/arm-atollic-eabi/6.3.1/../../../../arm-atollic-eabi/lib/armv7-m\libnosys.a
END GROUP
START GROUP
LOAD e:/1a asu racing team/atollic/truestudio for stm32 9.3.0/armtools/bin/../lib/gcc/arm-atollic-eabi/6.3.1/armv7-m\libgcc.a
LOAD e:/1a asu racing team/atollic/truestudio for stm32 9.3.0/armtools/bin/../lib/gcc/arm-atollic-eabi/6.3.1/../../../../arm-atollic-eabi/lib/armv7-m\libc_nano.a
LOAD e:/1a asu racing team/atollic/truestudio for stm32 9.3.0/armtools/bin/../lib/gcc/arm-atollic-eabi/6.3.1/../../../../arm-atollic-eabi/lib/armv7-m\libnosys.a
END GROUP
LOAD e:/1a asu racing team/atollic/truestudio for stm32 9.3.0/armtools/bin/../lib/gcc/arm-atollic-eabi/6.3.1/armv7-m/crtend.o
LOAD e:/1a asu racing team/atollic/truestudio for stm32 9.3.0/armtools/bin/../lib/gcc/arm-atollic-eabi/6.3.1/armv7-m/crtn.o
                0x20005000                _estack = 0x20005000
                0x00000200                _Min_Heap_Size = 0x200
                0x00000400                _Min_Stack_Size = 0x400

.isr_vector     0x08000000      0x10c
                0x08000000                . = ALIGN (0x4)
 *(.isr_vector)
 .isr_vector    0x08000000      0x10c startup\startup_stm32f103xb.o
                0x08000000                g_pfnVectors
                0x0800010c                . = ALIGN (0x4)

.text           0x08000110     0x5a34
                0x08000110                . = ALIGN (0x4)
 *(.text)
 .text          0x08000110       0x40 e:/1a asu racing team/atollic/truestudio for stm32 9.3.0/armtools/bin/../lib/gcc/arm-atollic-eabi/6.3.1/armv7-m/crtbegin.o
 .text          0x08000150      0x370 e:/1a asu racing team/atollic/truestudio for stm32 9.3.0/armtools/bin/../lib/gcc/arm-atollic-eabi/6.3.1/armv7-m\libgcc.a(_arm_addsubdf3.o)
                0x08000150                __aeabi_drsub
                0x08000158                __aeabi_dsub
                0x08000158                __subdf3
                0x0800015c                __aeabi_dadd
                0x0800015c                __adddf3
                0x080003d4                __floatunsidf
                0x080003d4                __aeabi_ui2d
                0x080003f4                __floatsidf
                0x080003f4                __aeabi_i2d
                0x08000418                __aeabi_f2d
                0x08000418                __extendsfdf2
                0x08000454                __floatundidf
                0x08000454                __aeabi_ul2d
                0x08000464                __floatdidf
                0x08000464                __aeabi_l2d
 .text          0x080004c0      0x424 e:/1a asu racing team/atollic/truestudio for stm32 9.3.0/armtools/bin/../lib/gcc/arm-atollic-eabi/6.3.1/armv7-m\libgcc.a(_arm_muldivdf3.o)
                0x080004c0                __aeabi_dmul
                0x080004c0                __muldf3
                0x08000714                __divdf3
                0x08000714                __aeabi_ddiv
 .text          0x080008e4      0x110 e:/1a asu racing team/atollic/truestudio for stm32 9.3.0/armtools/bin/../lib/gcc/arm-atollic-eabi/6.3.1/armv7-m\libgcc.a(_arm_cmpdf2.o)
                0x080008e4                __gtdf2
                0x080008e4                __gedf2
                0x080008ec                __ltdf2
                0x080008ec                __ledf2
                0x080008f4                __nedf2
                0x080008f4                __eqdf2
                0x080008f4                __cmpdf2
                0x08000970                __aeabi_cdrcmple
                0x08000980                __aeabi_cdcmpeq
                0x08000980                __aeabi_cdcmple
                0x08000990                __aeabi_dcmpeq
                0x080009a4                __aeabi_dcmplt
                0x080009b8                __aeabi_dcmple
                0x080009cc                __aeabi_dcmpge
                0x080009e0                __aeabi_dcmpgt
 .text          0x080009f4       0x50 e:/1a asu racing team/atollic/truestudio for stm32 9.3.0/armtools/bin/../lib/gcc/arm-atollic-eabi/6.3.1/armv7-m\libgcc.a(_arm_fixdfsi.o)
                0x080009f4                __aeabi_d2iz
                0x080009f4                __fixdfsi
 *(.text*)
 .text.HAL_InitTick
                0x08000a44       0x48 Drivers\STM32F1xx_HAL_Driver\Src\stm32f1xx_hal.o
                0x08000a44                HAL_InitTick
 .text.HAL_Init
                0x08000a8c       0x24 Drivers\STM32F1xx_HAL_Driver\Src\stm32f1xx_hal.o
                0x08000a8c                HAL_Init
 .text.HAL_IncTick
                0x08000ab0       0x18 Drivers\STM32F1xx_HAL_Driver\Src\stm32f1xx_hal.o
                0x08000ab0                HAL_IncTick
 .text.HAL_GetTick
                0x08000ac8        0xc Drivers\STM32F1xx_HAL_Driver\Src\stm32f1xx_hal.o
                0x08000ac8                HAL_GetTick
 .text.HAL_Delay
                0x08000ad4       0x24 Drivers\STM32F1xx_HAL_Driver\Src\stm32f1xx_hal.o
                0x08000ad4                HAL_Delay
 .text.HAL_NVIC_SetPriorityGrouping
                0x08000af8       0x24 Drivers\STM32F1xx_HAL_Driver\Src\stm32f1xx_hal_cortex.o
                0x08000af8                HAL_NVIC_SetPriorityGrouping
 .text.HAL_NVIC_SetPriority
                0x08000b1c       0x68 Drivers\STM32F1xx_HAL_Driver\Src\stm32f1xx_hal_cortex.o
                0x08000b1c                HAL_NVIC_SetPriority
 .text.HAL_SYSTICK_Config
                0x08000b84       0x2c Drivers\STM32F1xx_HAL_Driver\Src\stm32f1xx_hal_cortex.o
                0x08000b84                HAL_SYSTICK_Config
 .text.HAL_GPIO_Init
                0x08000bb0      0x1c4 Drivers\STM32F1xx_HAL_Driver\Src\stm32f1xx_hal_gpio.o
                0x08000bb0                HAL_GPIO_Init
 .text.HAL_GPIO_ReadPin
                0x08000d74        0xc Drivers\STM32F1xx_HAL_Driver\Src\stm32f1xx_hal_gpio.o
                0x08000d74                HAL_GPIO_ReadPin
 .text.HAL_GPIO_WritePin
                0x08000d80        0xa Drivers\STM32F1xx_HAL_Driver\Src\stm32f1xx_hal_gpio.o
                0x08000d80                HAL_GPIO_WritePin
 *fill*         0x08000d8a        0x2 
 .text.HAL_RCC_OscConfig
                0x08000d8c      0x33c Drivers\STM32F1xx_HAL_Driver\Src\stm32f1xx_hal_rcc.o
                0x08000d8c                HAL_RCC_OscConfig
 .text.HAL_RCC_GetSysClockFreq
                0x080010c8       0x78 Drivers\STM32F1xx_HAL_Driver\Src\stm32f1xx_hal_rcc.o
                0x080010c8                HAL_RCC_GetSysClockFreq
 .text.HAL_RCC_ClockConfig
                0x08001140      0x13c Drivers\STM32F1xx_HAL_Driver\Src\stm32f1xx_hal_rcc.o
                0x08001140                HAL_RCC_ClockConfig
 .text.HAL_TIM_Base_Start
                0x0800127c       0x24 Drivers\STM32F1xx_HAL_Driver\Src\stm32f1xx_hal_tim.o
                0x0800127c                HAL_TIM_Base_Start
 .text.TIM_Base_SetConfig
                0x080012a0       0x70 Drivers\STM32F1xx_HAL_Driver\Src\stm32f1xx_hal_tim.o
                0x080012a0                TIM_Base_SetConfig
 .text.HAL_TIM_Base_Init
                0x08001310       0x34 Drivers\STM32F1xx_HAL_Driver\Src\stm32f1xx_hal_tim.o
                0x08001310                HAL_TIM_Base_Init
 .text.TIM_ETR_SetConfig
                0x08001344       0x14 Drivers\STM32F1xx_HAL_Driver\Src\stm32f1xx_hal_tim.o
                0x08001344                TIM_ETR_SetConfig
 .text.HAL_TIM_ConfigClockSource
                0x08001358      0x128 Drivers\STM32F1xx_HAL_Driver\Src\stm32f1xx_hal_tim.o
                0x08001358                HAL_TIM_ConfigClockSource
 .text.HAL_TIMEx_MasterConfigSynchronization
                0x08001480       0x3c Drivers\STM32F1xx_HAL_Driver\Src\stm32f1xx_hal_tim_ex.o
                0x08001480                HAL_TIMEx_MasterConfigSynchronization
 .text.LCD_Showthrmo
                0x080014bc       0x60 Src\DrawingFunctions.o
                0x080014bc                LCD_Showthrmo
 .text.ShowIntroScreen
                0x0800151c       0x70 Src\DrawingFunctions.o
                0x0800151c                ShowIntroScreen
 *fill*         0x0800158c        0x4 
 .text.drawPointer
                0x08001590       0xec Src\DrawingFunctions.o
                0x08001590                drawPointer
 .text.LCD_ShowScale
                0x0800167c       0x64 Src\DrawingFunctions.o
                0x0800167c                LCD_ShowScale
 .text.Draw_line_with_thickness
                0x080016e0       0x58 Src\DrawingFunctions.o
                0x080016e0                Draw_line_with_thickness
 .text.LCD_Showbatt
                0x08001738       0x78 Src\DrawingFunctions.o
                0x08001738                LCD_Showbatt
 .text.drawRPMSlider
                0x080017b0       0x70 Src\DrawingFunctions.o
                0x080017b0                drawRPMSlider
 .text.drawRPMValue
                0x08001820       0x60 Src\DrawingFunctions.o
                0x08001820                drawRPMValue
 .text.drawLap  0x08001880       0x54 Src\DrawingFunctions.o
                0x08001880                drawLap
 .text.drawGear
                0x080018d4       0x78 Src\DrawingFunctions.o
                0x080018d4                drawGear
 .text.Steering_Wheel_Switches
                0x0800194c       0x94 Src\SteeringWheel.o
                0x0800194c                Steering_Wheel_Switches
 .text.MSMapOut
                0x080019e0       0x48 Src\SteeringWheel.o
                0x080019e0                MSMapOut
 .text.getTime  0x08001a28       0x44 Src\main.o
                0x08001a28                getTime
 .text.updateLapTime
                0x08001a6c       0x8c Src\main.o
                0x08001a6c                updateLapTime
 .text.LCD_Test
                0x08001af8      0x100 Src\main.o
                0x08001af8                LCD_Test
 .text.SystemClock_Config
                0x08001bf8       0x54 Src\main.o
                0x08001bf8                SystemClock_Config
 .text.startup.main
                0x08001c4c      0x288 Src\main.o
                0x08001c4c                main
 .text.HAL_MspInit
                0x08001ed4       0x44 Src\stm32f1xx_hal_msp.o
                0x08001ed4                HAL_MspInit
 .text.HAL_TIM_Base_MspInit
                0x08001f18       0x28 Src\stm32f1xx_hal_msp.o
                0x08001f18                HAL_TIM_Base_MspInit
 .text.NMI_Handler
                0x08001f40        0x2 Src\stm32f1xx_it.o
                0x08001f40                NMI_Handler
 .text.HardFault_Handler
                0x08001f42        0x2 Src\stm32f1xx_it.o
                0x08001f42                HardFault_Handler
 .text.MemManage_Handler
                0x08001f44        0x2 Src\stm32f1xx_it.o
                0x08001f44                MemManage_Handler
 .text.BusFault_Handler
                0x08001f46        0x2 Src\stm32f1xx_it.o
                0x08001f46                BusFault_Handler
 .text.UsageFault_Handler
                0x08001f48        0x2 Src\stm32f1xx_it.o
                0x08001f48                UsageFault_Handler
 .text.SVC_Handler
                0x08001f4a        0x2 Src\stm32f1xx_it.o
                0x08001f4a                SVC_Handler
 .text.DebugMon_Handler
                0x08001f4c        0x2 Src\stm32f1xx_it.o
                0x08001f4c                DebugMon_Handler
 .text.PendSV_Handler
                0x08001f4e        0x2 Src\stm32f1xx_it.o
                0x08001f4e                PendSV_Handler
 .text.SysTick_Handler
                0x08001f50        0x4 Src\stm32f1xx_it.o
                0x08001f50                SysTick_Handler
 .text._sbrk    0x08001f54       0x34 Src\syscalls.o
                0x08001f54                _sbrk
 .text.SystemInit
                0x08001f88       0x4c Src\system_stm32f1xx.o
                0x08001f88                SystemInit
 .text.PIN_LOW  0x08001fd4        0x6 Src\tft.o
                0x08001fd4                PIN_LOW
 .text.PIN_HIGH
                0x08001fda        0x6 Src\tft.o
                0x08001fda                PIN_HIGH
 .text.writecmddata
                0x08001fe0      0x124 Src\tft.o
 .text.init_table16
                0x08002104       0x30 Src\tft.o
 .text.WriteCmdParamN
                0x08002134      0x108 Src\tft.o
 .text.init_table
                0x0800223c       0x52 Src\tft.o
 .text.PIN_INPUT
                0x0800228e       0x18 Src\tft.o
                0x0800228e                PIN_INPUT
 .text.PIN_OUTPUT
                0x080022a6       0x1c Src\tft.o
                0x080022a6                PIN_OUTPUT
 *fill*         0x080022c2        0x2 
 .text.width    0x080022c4        0xc Src\tft.o
                0x080022c4                width
 .text.height   0x080022d0        0xc Src\tft.o
                0x080022d0                height
 .text.color565
                0x080022dc       0x18 Src\tft.o
                0x080022dc                color565
 .text.setReadDir
                0x080022f4       0x54 Src\tft.o
                0x080022f4                setReadDir
 .text.setWriteDir
                0x08002348       0x54 Src\tft.o
                0x08002348                setWriteDir
 .text.reset    0x0800239c       0x8c Src\tft.o
                0x0800239c                reset
 .text.readReg  0x08002428      0x224 Src\tft.o
                0x08002428                readReg
 .text.readReg32
                0x0800264c       0x1a Src\tft.o
                0x0800264c                readReg32
 .text.readReg40
                0x08002666       0x2c Src\tft.o
                0x08002666                readReg40
 *fill*         0x08002692        0x2 
 .text.readID   0x08002694      0x1c0 Src\tft.o
                0x08002694                readID
 .text.setAddrWindow
                0x08002854      0x144 Src\tft.o
                0x08002854                setAddrWindow
 .text.readGRAM
                0x08002998      0x61c Src\tft.o
                0x08002998                readGRAM
 .text.readPixel
                0x08002fb4       0x18 Src\tft.o
                0x08002fb4                readPixel
 .text.drawPixel
                0x08002fcc       0x58 Src\tft.o
                0x08002fcc                drawPixel
 .text.vertScroll
                0x08003024      0x128 Src\tft.o
                0x08003024                vertScroll
 .text.setRotation
                0x0800314c      0x31c Src\tft.o
                0x0800314c                setRotation
 .text.invertDisplay
                0x08003468       0x88 Src\tft.o
                0x08003468                invertDisplay
 .text.tft_init
                0x080034f0      0x448 Src\tft.o
                0x080034f0                tft_init
 .text.writeLine
                0x08003938       0xb2 Src\tft.o
                0x08003938                writeLine
 *fill*         0x080039ea        0x2 
 .text.fillRect
                0x080039ec      0x250 Src\tft.o
                0x080039ec                fillRect
 .text.fillScreen
                0x08003c3c       0x28 Src\tft.o
                0x08003c3c                fillScreen
 .text.drawFastVLine
                0x08003c64       0x12 Src\tft.o
                0x08003c64                drawFastVLine
 .text.drawFastHLine
                0x08003c76       0x10 Src\tft.o
                0x08003c76                drawFastHLine
 .text.drawLine
                0x08003c86       0x5a Src\tft.o
                0x08003c86                drawLine
 .text.fillTriangle
                0x08003ce0      0x192 Src\tft.o
                0x08003ce0                fillTriangle
 *fill*         0x08003e72        0x2 
 .text.drawChar
                0x08003e74      0x118 Src\tft.o
                0x08003e74                drawChar
 .text.write    0x08003f8c       0xd4 Src\tft.o
                0x08003f8c                write
 .text.setFont  0x08004060       0x28 Src\tft.o
                0x08004060                setFont
 .text.printnewtstr
                0x08004088       0x4c Src\tft.o
                0x08004088                printnewtstr
 .text.Reset_Handler
                0x080040d4       0x48 startup\startup_stm32f103xb.o
                0x080040d4                Reset_Handler
 .text.Default_Handler
                0x0800411c        0x2 startup\startup_stm32f103xb.o
                0x0800411c                RTC_Alarm_IRQHandler
                0x0800411c                EXTI2_IRQHandler
                0x0800411c                TIM1_CC_IRQHandler
                0x0800411c                PVD_IRQHandler
                0x0800411c                EXTI3_IRQHandler
                0x0800411c                EXTI0_IRQHandler
                0x0800411c                I2C2_EV_IRQHandler
                0x0800411c                ADC1_2_IRQHandler
                0x0800411c                SPI1_IRQHandler
                0x0800411c                TAMPER_IRQHandler
                0x0800411c                DMA1_Channel4_IRQHandler
                0x0800411c                USART3_IRQHandler
                0x0800411c                RTC_IRQHandler
                0x0800411c                DMA1_Channel7_IRQHandler
                0x0800411c                CAN1_RX1_IRQHandler
                0x0800411c                TIM4_IRQHandler
                0x0800411c                I2C1_EV_IRQHandler
                0x0800411c                DMA1_Channel6_IRQHandler
                0x0800411c                TIM3_IRQHandler
                0x0800411c                RCC_IRQHandler
                0x0800411c                TIM1_TRG_COM_IRQHandler
                0x0800411c                DMA1_Channel1_IRQHandler
                0x0800411c                Default_Handler
                0x0800411c                EXTI15_10_IRQHandler
                0x0800411c                EXTI9_5_IRQHandler
                0x0800411c                SPI2_IRQHandler
                0x0800411c                DMA1_Channel5_IRQHandler
                0x0800411c                EXTI4_IRQHandler
                0x0800411c                USB_LP_CAN1_RX0_IRQHandler
                0x0800411c                USB_HP_CAN1_TX_IRQHandler
                0x0800411c                DMA1_Channel3_IRQHandler
                0x0800411c                TIM1_UP_IRQHandler
                0x0800411c                WWDG_IRQHandler
                0x0800411c                TIM2_IRQHandler
                0x0800411c                TIM1_BRK_IRQHandler
                0x0800411c                EXTI1_IRQHandler
                0x0800411c                USART2_IRQHandler
                0x0800411c                I2C2_ER_IRQHandler
                0x0800411c                DMA1_Channel2_IRQHandler
                0x0800411c                CAN1_SCE_IRQHandler
                0x0800411c                FLASH_IRQHandler
                0x0800411c                USART1_IRQHandler
                0x0800411c                I2C1_ER_IRQHandler
                0x0800411c                USBWakeUp_IRQHandler
 *fill*         0x0800411e        0x2 
 .text.__errno  0x08004120        0xc e:/1a asu racing team/atollic/truestudio for stm32 9.3.0/armtools/bin/../lib/gcc/arm-atollic-eabi/6.3.1/../../../../arm-atollic-eabi/lib/armv7-m\libc_nano.a(lib_a-errno.o)
                0x08004120                __errno
 .text.__libc_init_array
                0x0800412c       0x48 e:/1a asu racing team/atollic/truestudio for stm32 9.3.0/armtools/bin/../lib/gcc/arm-atollic-eabi/6.3.1/../../../../arm-atollic-eabi/lib/armv7-m\libc_nano.a(lib_a-init.o)
                0x0800412c                __libc_init_array
 .text.__itoa   0x08004174       0x30 e:/1a asu racing team/atollic/truestudio for stm32 9.3.0/armtools/bin/../lib/gcc/arm-atollic-eabi/6.3.1/../../../../arm-atollic-eabi/lib/armv7-m\libc_nano.a(lib_a-itoa.o)
                0x08004174                __itoa
 .text.itoa     0x080041a4        0x4 e:/1a asu racing team/atollic/truestudio for stm32 9.3.0/armtools/bin/../lib/gcc/arm-atollic-eabi/6.3.1/../../../../arm-atollic-eabi/lib/armv7-m\libc_nano.a(lib_a-itoa.o)
                0x080041a4                itoa
 .text.memset   0x080041a8       0x10 e:/1a asu racing team/atollic/truestudio for stm32 9.3.0/armtools/bin/../lib/gcc/arm-atollic-eabi/6.3.1/../../../../arm-atollic-eabi/lib/armv7-m\libc_nano.a(lib_a-memset.o)
                0x080041a8                memset
 .text.sprintf  0x080041b8       0x48 e:/1a asu racing team/atollic/truestudio for stm32 9.3.0/armtools/bin/../lib/gcc/arm-atollic-eabi/6.3.1/../../../../arm-atollic-eabi/lib/armv7-m\libc_nano.a(lib_a-sprintf.o)
                0x080041b8                siprintf
                0x080041b8                sprintf
 .text.__utoa   0x08004200       0x80 e:/1a asu racing team/atollic/truestudio for stm32 9.3.0/armtools/bin/../lib/gcc/arm-atollic-eabi/6.3.1/../../../../arm-atollic-eabi/lib/armv7-m\libc_nano.a(lib_a-utoa.o)
                0x08004200                __utoa
 .text.__ssputs_r
                0x08004280       0xb6 e:/1a asu racing team/atollic/truestudio for stm32 9.3.0/armtools/bin/../lib/gcc/arm-atollic-eabi/6.3.1/../../../../arm-atollic-eabi/lib/armv7-m\libc_nano.a(lib_a-nano-svfprintf.o)
                0x08004280                __ssputs_r
 *fill*         0x08004336        0x2 
 .text._svfprintf_r
                0x08004338      0x1e8 e:/1a asu racing team/atollic/truestudio for stm32 9.3.0/armtools/bin/../lib/gcc/arm-atollic-eabi/6.3.1/../../../../arm-atollic-eabi/lib/armv7-m\libc_nano.a(lib_a-nano-svfprintf.o)
                0x08004338                _svfiprintf_r
                0x08004338                _svfprintf_r
 .text._printf_common
                0x08004520       0xee e:/1a asu racing team/atollic/truestudio for stm32 9.3.0/armtools/bin/../lib/gcc/arm-atollic-eabi/6.3.1/../../../../arm-atollic-eabi/lib/armv7-m\libc_nano.a(lib_a-nano-vfprintf_i.o)
                0x08004520                _printf_common
 *fill*         0x0800460e        0x2 
 .text._printf_i
                0x08004610      0x240 e:/1a asu racing team/atollic/truestudio for stm32 9.3.0/armtools/bin/../lib/gcc/arm-atollic-eabi/6.3.1/../../../../arm-atollic-eabi/lib/armv7-m\libc_nano.a(lib_a-nano-vfprintf_i.o)
                0x08004610                _printf_i
 .text.memchr   0x08004850       0x1c e:/1a asu racing team/atollic/truestudio for stm32 9.3.0/armtools/bin/../lib/gcc/arm-atollic-eabi/6.3.1/../../../../arm-atollic-eabi/lib/armv7-m\libc_nano.a(lib_a-memchr-stub.o)
                0x08004850                memchr
 .text.memcpy   0x0800486c       0x16 e:/1a asu racing team/atollic/truestudio for stm32 9.3.0/armtools/bin/../lib/gcc/arm-atollic-eabi/6.3.1/../../../../arm-atollic-eabi/lib/armv7-m\libc_nano.a(lib_a-memcpy-stub.o)
                0x0800486c                memcpy
 .text.memmove  0x08004882       0x34 e:/1a asu racing team/atollic/truestudio for stm32 9.3.0/armtools/bin/../lib/gcc/arm-atollic-eabi/6.3.1/../../../../arm-atollic-eabi/lib/armv7-m\libc_nano.a(lib_a-memmove.o)
                0x08004882                memmove
 *fill*         0x080048b6        0x2 
 .text._free_r  0x080048b8       0x98 e:/1a asu racing team/atollic/truestudio for stm32 9.3.0/armtools/bin/../lib/gcc/arm-atollic-eabi/6.3.1/../../../../arm-atollic-eabi/lib/armv7-m\libc_nano.a(lib_a-nano-freer.o)
                0x080048b8                _free_r
 .text._malloc_r
                0x08004950       0xbc e:/1a asu racing team/atollic/truestudio for stm32 9.3.0/armtools/bin/../lib/gcc/arm-atollic-eabi/6.3.1/../../../../arm-atollic-eabi/lib/armv7-m\libc_nano.a(lib_a-nano-mallocr.o)
                0x08004950                _malloc_r
 .text._realloc_r
                0x08004a0c       0x4c e:/1a asu racing team/atollic/truestudio for stm32 9.3.0/armtools/bin/../lib/gcc/arm-atollic-eabi/6.3.1/../../../../arm-atollic-eabi/lib/armv7-m\libc_nano.a(lib_a-nano-reallocr.o)
                0x08004a0c                _realloc_r
 .text._sbrk_r  0x08004a58       0x20 e:/1a asu racing team/atollic/truestudio for stm32 9.3.0/armtools/bin/../lib/gcc/arm-atollic-eabi/6.3.1/../../../../arm-atollic-eabi/lib/armv7-m\libc_nano.a(lib_a-sbrkr.o)
                0x08004a58                _sbrk_r
 .text.__malloc_lock
                0x08004a78        0x2 e:/1a asu racing team/atollic/truestudio for stm32 9.3.0/armtools/bin/../lib/gcc/arm-atollic-eabi/6.3.1/../../../../arm-atollic-eabi/lib/armv7-m\libc_nano.a(lib_a-mlock.o)
                0x08004a78                __malloc_lock
 .text.__malloc_unlock
                0x08004a7a        0x2 e:/1a asu racing team/atollic/truestudio for stm32 9.3.0/armtools/bin/../lib/gcc/arm-atollic-eabi/6.3.1/../../../../arm-atollic-eabi/lib/armv7-m\libc_nano.a(lib_a-mlock.o)
                0x08004a7a                __malloc_unlock
 .text._malloc_usable_size_r
                0x08004a7c       0x12 e:/1a asu racing team/atollic/truestudio for stm32 9.3.0/armtools/bin/../lib/gcc/arm-atollic-eabi/6.3.1/../../../../arm-atollic-eabi/lib/armv7-m\libc_nano.a(lib_a-nano-msizer.o)
                0x08004a7c                _malloc_usable_size_r
 *fill*         0x08004a8e        0x2 
 .text.cos      0x08004a90       0x6c e:/1a asu racing team/atollic/truestudio for stm32 9.3.0/armtools/bin/../lib/gcc/arm-atollic-eabi/6.3.1/../../../../arm-atollic-eabi/lib/armv7-m\libm.a(lib_a-s_cos.o)
                0x08004a90                cos
 .text.sin      0x08004afc       0x74 e:/1a asu racing team/atollic/truestudio for stm32 9.3.0/armtools/bin/../lib/gcc/arm-atollic-eabi/6.3.1/../../../../arm-atollic-eabi/lib/armv7-m\libm.a(lib_a-s_sin.o)
                0x08004afc                sin
 .text.__ieee754_rem_pio2
                0x08004b70      0x3e8 e:/1a asu racing team/atollic/truestudio for stm32 9.3.0/armtools/bin/../lib/gcc/arm-atollic-eabi/6.3.1/../../../../arm-atollic-eabi/lib/armv7-m\libm.a(lib_a-e_rem_pio2.o)
                0x08004b70                __ieee754_rem_pio2
 .text.__kernel_cos
                0x08004f58      0x1bc e:/1a asu racing team/atollic/truestudio for stm32 9.3.0/armtools/bin/../lib/gcc/arm-atollic-eabi/6.3.1/../../../../arm-atollic-eabi/lib/armv7-m\libm.a(lib_a-k_cos.o)
                0x08004f58                __kernel_cos
 .text.__kernel_rem_pio2
                0x08005114      0x6a8 e:/1a asu racing team/atollic/truestudio for stm32 9.3.0/armtools/bin/../lib/gcc/arm-atollic-eabi/6.3.1/../../../../arm-atollic-eabi/lib/armv7-m\libm.a(lib_a-k_rem_pio2.o)
                0x08005114                __kernel_rem_pio2
 *fill*         0x080057bc        0x4 
 .text.__kernel_sin
                0x080057c0      0x16c e:/1a asu racing team/atollic/truestudio for stm32 9.3.0/armtools/bin/../lib/gcc/arm-atollic-eabi/6.3.1/../../../../arm-atollic-eabi/lib/armv7-m\libm.a(lib_a-k_sin.o)
                0x080057c0                __kernel_sin
 .text.fabs     0x0800592c        0x6 e:/1a asu racing team/atollic/truestudio for stm32 9.3.0/armtools/bin/../lib/gcc/arm-atollic-eabi/6.3.1/../../../../arm-atollic-eabi/lib/armv7-m\libm.a(lib_a-s_fabs.o)
                0x0800592c                fabs
 *fill*         0x08005932        0x6 
 .text.floor    0x08005938      0x108 e:/1a asu racing team/atollic/truestudio for stm32 9.3.0/armtools/bin/../lib/gcc/arm-atollic-eabi/6.3.1/../../../../arm-atollic-eabi/lib/armv7-m\libm.a(lib_a-s_floor.o)
                0x08005938                floor
 .text.scalbn   0x08005a40       0xdc e:/1a asu racing team/atollic/truestudio for stm32 9.3.0/armtools/bin/../lib/gcc/arm-atollic-eabi/6.3.1/../../../../arm-atollic-eabi/lib/armv7-m\libm.a(lib_a-s_scalbn.o)
                0x08005a40                scalbn
 .text.copysign
                0x08005b1c        0xe e:/1a asu racing team/atollic/truestudio for stm32 9.3.0/armtools/bin/../lib/gcc/arm-atollic-eabi/6.3.1/../../../../arm-atollic-eabi/lib/armv7-m\libm.a(lib_a-s_copysign.o)
                0x08005b1c                copysign
 *(.glue_7)
 .glue_7        0x08005b2a        0x0 linker stubs
 *(.glue_7t)
 .glue_7t       0x08005b2a        0x0 linker stubs
 *(.eh_frame)
 *fill*         0x08005b2a        0x2 
 .eh_frame      0x08005b2c        0x0 e:/1a asu racing team/atollic/truestudio for stm32 9.3.0/armtools/bin/../lib/gcc/arm-atollic-eabi/6.3.1/armv7-m/crtbegin.o
 *(.init)
 .init          0x08005b2c        0x4 e:/1a asu racing team/atollic/truestudio for stm32 9.3.0/armtools/bin/../lib/gcc/arm-atollic-eabi/6.3.1/armv7-m/crti.o
                0x08005b2c                _init
 .init          0x08005b30        0x8 e:/1a asu racing team/atollic/truestudio for stm32 9.3.0/armtools/bin/../lib/gcc/arm-atollic-eabi/6.3.1/armv7-m/crtn.o
 *(.fini)
 .fini          0x08005b38        0x4 e:/1a asu racing team/atollic/truestudio for stm32 9.3.0/armtools/bin/../lib/gcc/arm-atollic-eabi/6.3.1/armv7-m/crti.o
                0x08005b38                _fini
 .fini          0x08005b3c        0x8 e:/1a asu racing team/atollic/truestudio for stm32 9.3.0/armtools/bin/../lib/gcc/arm-atollic-eabi/6.3.1/armv7-m/crtn.o
                0x08005b44                . = ALIGN (0x4)
                0x08005b44                _etext = .

.vfp11_veneer   0x08005b44        0x0
 .vfp11_veneer  0x08005b44        0x0 linker stubs

.v4_bx          0x08005b44        0x0
 .v4_bx         0x08005b44        0x0 linker stubs

.iplt           0x08005b44        0x0
 .iplt          0x08005b44        0x0 e:/1a asu racing team/atollic/truestudio for stm32 9.3.0/armtools/bin/../lib/gcc/arm-atollic-eabi/6.3.1/armv7-m/crtbegin.o

.rodata         0x08005b48     0x8050
                0x08005b48                . = ALIGN (0x4)
 *(.rodata)
 .rodata        0x08005b48       0x10 Drivers\STM32F1xx_HAL_Driver\Src\stm32f1xx_hal_rcc.o
 .rodata        0x08005b58        0x3 Src\tft.o
 *(.rodata*)
 .rodata.drawGear.str1.1
                0x08005b5b        0x2 Src\DrawingFunctions.o
 .rodata.drawLap.str1.1
                0x08005b5d        0x7 Src\DrawingFunctions.o
 .rodata.FreeMono12x7Bitmaps
                0x08005b64      0x5b4 Src\fonts.o
                0x08005b64                FreeMono12x7Bitmaps
 .rodata.FreeMono12x7Glyphs
                0x08006118      0x3b6 Src\fonts.o
                0x08006118                FreeMono12x7Glyphs
 .rodata.FreeMono9pt7bBitmaps
                0x080064ce      0x34c Src\fonts.o
                0x080064ce                FreeMono9pt7bBitmaps
 .rodata.FreeMono9pt7bGlyphs
                0x0800681a      0x3b6 Src\fonts.o
                0x0800681a                FreeMono9pt7bGlyphs
 .rodata.FreeMonoBold12pt7bBitmaps
                0x08006bd0      0x6c2 Src\fonts.o
                0x08006bd0                FreeMonoBold12pt7bBitmaps
 .rodata.FreeMonoBold12pt7bGlyphs
                0x08007292      0x3b6 Src\fonts.o
                0x08007292                FreeMonoBold12pt7bGlyphs
 .rodata.FreeMonoBold18pt7bBitmaps
                0x08007648      0xee5 Src\fonts.o
                0x08007648                FreeMonoBold18pt7bBitmaps
 *fill*         0x0800852d        0x1 
 .rodata.FreeMonoBold18pt7bGlyphs
                0x0800852e      0x3b6 Src\fonts.o
                0x0800852e                FreeMonoBold18pt7bGlyphs
 .rodata.IntroScreenBitmap
                0x080088e4     0x2e18 Src\fonts.o
                0x080088e4                IntroScreenBitmap
 .rodata.battBitmaps
                0x0800b6fc       0xb4 Src\fonts.o
                0x0800b6fc                battBitmaps
 .rodata.mono12x7
                0x0800b7b0        0xc Src\fonts.o
                0x0800b7b0                mono12x7
 .rodata.mono12x7bold
                0x0800b7bc        0xc Src\fonts.o
                0x0800b7bc                mono12x7bold
 .rodata.mono18x7bold
                0x0800b7c8        0xc Src\fonts.o
                0x0800b7c8                mono18x7bold
 .rodata.mono9x7
                0x0800b7d4        0xc Src\fonts.o
                0x0800b7d4                mono9x7
 .rodata.scale  0x0800b7e0     0x1b00 Src\fonts.o
                0x0800b7e0                scale
 .rodata.thermo
                0x0800d2e0      0x12c Src\fonts.o
                0x0800d2e0                thermo
 .rodata.main.str1.1
                0x0800d40c       0x1b Src\main.o
 .rodata.updateLapTime.str1.1
                0x0800d427        0xf Src\main.o
 .rodata.AHBPrescTable
                0x0800d436       0x10 Src\system_stm32f1xx.o
                0x0800d436                AHBPrescTable
 .rodata.FK8031_regValues.7163
                0x0800d446       0x12 Src\tft.o
 .rodata.HX8357C_regValues.7167
                0x0800d458        0x2 Src\tft.o
 .rodata.HX8357_99_regValues.7169
                0x0800d45a       0x1d Src\tft.o
 *fill*         0x0800d477        0x1 
 .rodata.ILI9320_regValues.7175
                0x0800d478       0xd8 Src\tft.o
 .rodata.ILI9325_regValues.7182
                0x0800d550       0xcc Src\tft.o
 .rodata.ILI9327_regValues.7184
                0x0800d61c       0x1e Src\tft.o
 .rodata.ILI9329_regValues.7193
                0x0800d63a        0x3 Src\tft.o
 .rodata.ILI9341_regValues_2_4.7197
                0x0800d63d       0x65 Src\tft.o
 .rodata.ILI9342_regValues_CPT24.7200
                0x0800d6a2       0x38 Src\tft.o
 .rodata.ILI9481_regValues.7206
                0x0800d6da       0x45 Src\tft.o
 .rodata.ILI9486_regValues.7213
                0x0800d71f       0x3b Src\tft.o
 .rodata.ILI9488_regValues_max.7218
                0x0800d75a       0x2b Src\tft.o
 .rodata.NT35310_regValues.7158
                0x0800d785        0x2 Src\tft.o
 *fill*         0x0800d787        0x1 
 .rodata.R61505V_regValues.7221
                0x0800d788       0xb0 Src\tft.o
 .rodata.R61509V_regValues.7224
                0x0800d838       0xc0 Src\tft.o
 .rodata.R61511_regValues.7151
                0x0800d8f8        0x3 Src\tft.o
 .rodata.R61520_regValues.7154
                0x0800d8fb        0x6 Src\tft.o
 .rodata.R61526_regValues.7156
                0x0800d901        0xc Src\tft.o
 .rodata.ST7789_regValues.7160
                0x0800d90d       0x41 Src\tft.o
 .rodata.XX1602_regValues.7186
                0x0800d94e        0x6 Src\tft.o
 .rodata.reset_off.7226
                0x0800d954        0x9 Src\tft.o
 .rodata.wake_on.7227
                0x0800d95d        0x6 Src\tft.o
 .rodata.__utoa.str1.1
                0x0800d963       0x25 e:/1a asu racing team/atollic/truestudio for stm32 9.3.0/armtools/bin/../lib/gcc/arm-atollic-eabi/6.3.1/../../../../arm-atollic-eabi/lib/armv7-m\libc_nano.a(lib_a-utoa.o)
 .rodata._svfprintf_r.str1.1
                0x0800d988       0x11 e:/1a asu racing team/atollic/truestudio for stm32 9.3.0/armtools/bin/../lib/gcc/arm-atollic-eabi/6.3.1/../../../../arm-atollic-eabi/lib/armv7-m\libc_nano.a(lib_a-nano-svfprintf.o)
 .rodata._printf_i.str1.1
                0x0800d999       0x22 e:/1a asu racing team/atollic/truestudio for stm32 9.3.0/armtools/bin/../lib/gcc/arm-atollic-eabi/6.3.1/../../../../arm-atollic-eabi/lib/armv7-m\libc_nano.a(lib_a-nano-vfprintf_i.o)
 *fill*         0x0800d9bb        0x1 
 .rodata.npio2_hw
                0x0800d9bc       0x80 e:/1a asu racing team/atollic/truestudio for stm32 9.3.0/armtools/bin/../lib/gcc/arm-atollic-eabi/6.3.1/../../../../arm-atollic-eabi/lib/armv7-m\libm.a(lib_a-e_rem_pio2.o)
 .rodata.two_over_pi
                0x0800da3c      0x108 e:/1a asu racing team/atollic/truestudio for stm32 9.3.0/armtools/bin/../lib/gcc/arm-atollic-eabi/6.3.1/../../../../arm-atollic-eabi/lib/armv7-m\libm.a(lib_a-e_rem_pio2.o)
 *fill*         0x0800db44        0x4 
 .rodata.PIo2   0x0800db48       0x40 e:/1a asu racing team/atollic/truestudio for stm32 9.3.0/armtools/bin/../lib/gcc/arm-atollic-eabi/6.3.1/../../../../arm-atollic-eabi/lib/armv7-m\libm.a(lib_a-k_rem_pio2.o)
 .rodata.init_jk
                0x0800db88       0x10 e:/1a asu racing team/atollic/truestudio for stm32 9.3.0/armtools/bin/../lib/gcc/arm-atollic-eabi/6.3.1/../../../../arm-atollic-eabi/lib/armv7-m\libm.a(lib_a-k_rem_pio2.o)
                0x0800db98                . = ALIGN (0x4)

.rel.dyn        0x0800db98        0x0
 .rel.iplt      0x0800db98        0x0 e:/1a asu racing team/atollic/truestudio for stm32 9.3.0/armtools/bin/../lib/gcc/arm-atollic-eabi/6.3.1/armv7-m/crtbegin.o

.ARM.extab
 *(.ARM.extab* .gnu.linkonce.armextab.*)

.ARM            0x0800db98        0x0
                0x0800db98                __exidx_start = .
 *(.ARM.exidx*)
                0x0800db98                __exidx_end = .

.preinit_array  0x0800db98        0x0
                0x0800db98                PROVIDE (__preinit_array_start, .)
 *(.preinit_array*)
                0x0800db98                PROVIDE (__preinit_array_end, .)

.init_array     0x0800db98        0x4
                0x0800db98                PROVIDE (__init_array_start, .)
 *(SORT(.init_array.*))
 *(.init_array*)
 .init_array    0x0800db98        0x4 e:/1a asu racing team/atollic/truestudio for stm32 9.3.0/armtools/bin/../lib/gcc/arm-atollic-eabi/6.3.1/armv7-m/crtbegin.o
                0x0800db9c                PROVIDE (__init_array_end, .)

.fini_array     0x0800db9c        0x4
                [!provide]                PROVIDE (__fini_array_start, .)
 *(SORT(.fini_array.*))
 *(.fini_array*)
 .fini_array    0x0800db9c        0x4 e:/1a asu racing team/atollic/truestudio for stm32 9.3.0/armtools/bin/../lib/gcc/arm-atollic-eabi/6.3.1/armv7-m/crtbegin.o
                [!provide]                PROVIDE (__fini_array_end, .)
                0x0800dba0                _sidata = LOADADDR (.data)

.data           0x20000000       0x80 load address 0x0800dba0
                0x20000000                . = ALIGN (0x4)
                0x20000000                _sdata = .
 *(.data)
 *(.data*)
 .data.uwTickFreq
                0x20000000        0x1 Drivers\STM32F1xx_HAL_Driver\Src\stm32f1xx_hal.o
                0x20000000                uwTickFreq
 *fill*         0x20000001        0x3 
 .data.uwTickPrio
                0x20000004        0x4 Drivers\STM32F1xx_HAL_Driver\Src\stm32f1xx_hal.o
                0x20000004                uwTickPrio
 .data.Old_Gear_Number
                0x20000008        0x1 Src\DrawingFunctions.o
                0x20000008                Old_Gear_Number
 *fill*         0x20000009        0x1 
 .data.RPM      0x2000000a        0x2 Src\DrawingFunctions.o
                0x2000000a                RPM
 .data.SystemCoreClock
                0x2000000c        0x4 Src\system_stm32f1xx.o
                0x2000000c                SystemCoreClock
 .data._height  0x20000010        0x2 Src\tft.o
                0x20000010                _height
 .data._width   0x20000012        0x2 Src\tft.o
                0x20000012                _width
 .data.textbgcolor
                0x20000014        0x2 Src\tft.o
                0x20000014                textbgcolor
 .data.textcolor
                0x20000016        0x2 Src\tft.o
                0x20000016                textcolor
 .data.textsize
                0x20000018        0x1 Src\tft.o
                0x20000018                textsize
 .data.wrap     0x20000019        0x1 Src\tft.o
                0x20000019                wrap
 *fill*         0x2000001a        0x2 
 .data._impure_ptr
                0x2000001c        0x4 e:/1a asu racing team/atollic/truestudio for stm32 9.3.0/armtools/bin/../lib/gcc/arm-atollic-eabi/6.3.1/../../../../arm-atollic-eabi/lib/armv7-m\libc_nano.a(lib_a-impure.o)
                0x2000001c                _impure_ptr
 .data.impure_data
                0x20000020       0x60 e:/1a asu racing team/atollic/truestudio for stm32 9.3.0/armtools/bin/../lib/gcc/arm-atollic-eabi/6.3.1/../../../../arm-atollic-eabi/lib/armv7-m\libc_nano.a(lib_a-impure.o)
                0x20000080                . = ALIGN (0x4)
                0x20000080                _edata = .

.igot.plt       0x20000080        0x0 load address 0x0800dc20
 .igot.plt      0x20000080        0x0 e:/1a asu racing team/atollic/truestudio for stm32 9.3.0/armtools/bin/../lib/gcc/arm-atollic-eabi/6.3.1/armv7-m/crtbegin.o
                0x20000080                . = ALIGN (0x4)

.bss            0x20000080       0xac load address 0x0800dc20
                0x20000080                _sbss = .
                0x20000080                __bss_start__ = _sbss
 *(.bss)
 .bss           0x20000080       0x1c e:/1a asu racing team/atollic/truestudio for stm32 9.3.0/armtools/bin/../lib/gcc/arm-atollic-eabi/6.3.1/armv7-m/crtbegin.o
 *(.bss*)
 .bss.Old_RPM   0x2000009c        0x2 Src\DrawingFunctions.o
                0x2000009c                Old_RPM
 .bss.ID        0x2000009e        0x2 Src\main.o
                0x2000009e                ID
 .bss.LapNum    0x200000a0        0x1 Src\main.o
                0x200000a0                LapNum
 *fill*         0x200000a1        0x3 
 .bss.ticks_num
                0x200000a4        0x4 Src\main.o
                0x200000a4                ticks_num
 .bss.ticks_offset
                0x200000a8        0x4 Src\main.o
                0x200000a8                ticks_offset
 .bss.heap_end.5887
                0x200000ac        0x4 Src\syscalls.o
 .bss.cursor_x  0x200000b0        0x2 Src\tft.o
                0x200000b0                cursor_x
 .bss.cursor_y  0x200000b2        0x2 Src\tft.o
                0x200000b2                cursor_y
 .bss.done_reset
                0x200000b4        0x1 Src\tft.o
 .bss.is555     0x200000b5        0x1 Src\tft.o
 .bss.rotation  0x200000b6        0x1 Src\tft.o
                0x200000b6                rotation
 *fill*         0x200000b7        0x1 
 .bss.__malloc_free_list
                0x200000b8        0x4 e:/1a asu racing team/atollic/truestudio for stm32 9.3.0/armtools/bin/../lib/gcc/arm-atollic-eabi/6.3.1/../../../../arm-atollic-eabi/lib/armv7-m\libc_nano.a(lib_a-nano-mallocr.o)
                0x200000b8                __malloc_free_list
 .bss.__malloc_sbrk_start
                0x200000bc        0x4 e:/1a asu racing team/atollic/truestudio for stm32 9.3.0/armtools/bin/../lib/gcc/arm-atollic-eabi/6.3.1/../../../../arm-atollic-eabi/lib/armv7-m\libc_nano.a(lib_a-nano-mallocr.o)
                0x200000bc                __malloc_sbrk_start
 *(COMMON)
 COMMON         0x200000c0        0x4 Drivers\STM32F1xx_HAL_Driver\Src\stm32f1xx_hal.o
                0x200000c0                uwTick
 COMMON         0x200000c4        0x4 Src\fonts.o
                0x200000c4                gfxFont
 COMMON         0x200000c8       0x44 Src\main.o
                0x200000c8                lap
                0x200000cc                htim1
 COMMON         0x2000010c       0x1a Src\tft.o
                0x2000010c                _lcd_drivOut
                0x2000010e                _MW
                0x20000110                _lcd_capable
                0x20000112                _SP
                0x20000114                _lcd_rev
                0x20000116                _MP
                0x20000118                _MC
                0x2000011a                _SC
                0x2000011c                _EP
                0x2000011e                _lcd_ID
                0x20000120                _lcd_xor
                0x20000122                _EC
                0x20000124                _lcd_madctl
 *fill*         0x20000126        0x2 
 COMMON         0x20000128        0x4 e:/1a asu racing team/atollic/truestudio for stm32 9.3.0/armtools/bin/../lib/gcc/arm-atollic-eabi/6.3.1/../../../../arm-atollic-eabi/lib/armv7-m\libc_nano.a(lib_a-reent.o)
                0x20000128                errno
                0x2000012c                . = ALIGN (0x4)
                0x2000012c                _ebss = .
                0x2000012c                __bss_end__ = _ebss

._user_heap_stack
                0x2000012c      0x600 load address 0x0800dc20
                0x2000012c                . = ALIGN (0x4)
                0x2000012c                PROVIDE (end, .)
                [!provide]                PROVIDE (_end, .)
                0x2000032c                . = (. + _Min_Heap_Size)
 *fill*         0x2000012c      0x200 
                0x2000072c                . = (. + _Min_Stack_Size)
 *fill*         0x2000032c      0x400 
                0x2000072c                . = ALIGN (0x4)

/DISCARD/
 libc.a(*)
 libm.a(*)
 libgcc.a(*)

.ARM.attributes
                0x00000000       0x29
 *(.ARM.attributes)
 .ARM.attributes
                0x00000000       0x1d e:/1a asu racing team/atollic/truestudio for stm32 9.3.0/armtools/bin/../lib/gcc/arm-atollic-eabi/6.3.1/armv7-m/crti.o
 .ARM.attributes
                0x0000001d       0x2d e:/1a asu racing team/atollic/truestudio for stm32 9.3.0/armtools/bin/../lib/gcc/arm-atollic-eabi/6.3.1/armv7-m/crtbegin.o
 .ARM.attributes
                0x0000004a       0x33 Drivers\STM32F1xx_HAL_Driver\Src\stm32f1xx_hal.o
 .ARM.attributes
                0x0000007d       0x33 Drivers\STM32F1xx_HAL_Driver\Src\stm32f1xx_hal_cortex.o
 .ARM.attributes
                0x000000b0       0x33 Drivers\STM32F1xx_HAL_Driver\Src\stm32f1xx_hal_gpio.o
 .ARM.attributes
                0x000000e3       0x33 Drivers\STM32F1xx_HAL_Driver\Src\stm32f1xx_hal_rcc.o
 .ARM.attributes
                0x00000116       0x33 Drivers\STM32F1xx_HAL_Driver\Src\stm32f1xx_hal_tim.o
 .ARM.attributes
                0x00000149       0x33 Drivers\STM32F1xx_HAL_Driver\Src\stm32f1xx_hal_tim_ex.o
 .ARM.attributes
                0x0000017c       0x33 Src\DrawingFunctions.o
 .ARM.attributes
                0x000001af       0x33 Src\SteeringWheel.o
 .ARM.attributes
                0x000001e2       0x33 Src\fonts.o
 .ARM.attributes
                0x00000215       0x33 Src\main.o
 .ARM.attributes
                0x00000248       0x33 Src\stm32f1xx_hal_msp.o
 .ARM.attributes
                0x0000027b       0x33 Src\stm32f1xx_it.o
 .ARM.attributes
                0x000002ae       0x33 Src\syscalls.o
 .ARM.attributes
                0x000002e1       0x33 Src\system_stm32f1xx.o
 .ARM.attributes
                0x00000314       0x33 Src\tft.o
 .ARM.attributes
                0x00000347       0x21 startup\startup_stm32f103xb.o
 .ARM.attributes
                0x00000368       0x2d e:/1a asu racing team/atollic/truestudio for stm32 9.3.0/armtools/bin/../lib/gcc/arm-atollic-eabi/6.3.1/../../../../arm-atollic-eabi/lib/armv7-m\libc_nano.a(lib_a-errno.o)
 .ARM.attributes
                0x00000395       0x2d e:/1a asu racing team/atollic/truestudio for stm32 9.3.0/armtools/bin/../lib/gcc/arm-atollic-eabi/6.3.1/../../../../arm-atollic-eabi/lib/armv7-m\libc_nano.a(lib_a-impure.o)
 .ARM.attributes
                0x000003c2       0x2d e:/1a asu racing team/atollic/truestudio for stm32 9.3.0/armtools/bin/../lib/gcc/arm-atollic-eabi/6.3.1/../../../../arm-atollic-eabi/lib/armv7-m\libc_nano.a(lib_a-init.o)
 .ARM.attributes
                0x000003ef       0x2d e:/1a asu racing team/atollic/truestudio for stm32 9.3.0/armtools/bin/../lib/gcc/arm-atollic-eabi/6.3.1/../../../../arm-atollic-eabi/lib/armv7-m\libc_nano.a(lib_a-itoa.o)
 .ARM.attributes
                0x0000041c       0x2d e:/1a asu racing team/atollic/truestudio for stm32 9.3.0/armtools/bin/../lib/gcc/arm-atollic-eabi/6.3.1/../../../../arm-atollic-eabi/lib/armv7-m\libc_nano.a(lib_a-memset.o)
 .ARM.attributes
                0x00000449       0x2d e:/1a asu racing team/atollic/truestudio for stm32 9.3.0/armtools/bin/../lib/gcc/arm-atollic-eabi/6.3.1/../../../../arm-atollic-eabi/lib/armv7-m\libc_nano.a(lib_a-sprintf.o)
 .ARM.attributes
                0x00000476       0x2d e:/1a asu racing team/atollic/truestudio for stm32 9.3.0/armtools/bin/../lib/gcc/arm-atollic-eabi/6.3.1/../../../../arm-atollic-eabi/lib/armv7-m\libc_nano.a(lib_a-utoa.o)
 .ARM.attributes
                0x000004a3       0x2d e:/1a asu racing team/atollic/truestudio for stm32 9.3.0/armtools/bin/../lib/gcc/arm-atollic-eabi/6.3.1/../../../../arm-atollic-eabi/lib/armv7-m\libc_nano.a(lib_a-nano-svfprintf.o)
 .ARM.attributes
                0x000004d0       0x2d e:/1a asu racing team/atollic/truestudio for stm32 9.3.0/armtools/bin/../lib/gcc/arm-atollic-eabi/6.3.1/../../../../arm-atollic-eabi/lib/armv7-m\libc_nano.a(lib_a-nano-vfprintf_i.o)
 .ARM.attributes
                0x000004fd       0x2d e:/1a asu racing team/atollic/truestudio for stm32 9.3.0/armtools/bin/../lib/gcc/arm-atollic-eabi/6.3.1/../../../../arm-atollic-eabi/lib/armv7-m\libc_nano.a(lib_a-memchr-stub.o)
 .ARM.attributes
                0x0000052a       0x2d e:/1a asu racing team/atollic/truestudio for stm32 9.3.0/armtools/bin/../lib/gcc/arm-atollic-eabi/6.3.1/../../../../arm-atollic-eabi/lib/armv7-m\libc_nano.a(lib_a-memcpy-stub.o)
 .ARM.attributes
                0x00000557       0x2d e:/1a asu racing team/atollic/truestudio for stm32 9.3.0/armtools/bin/../lib/gcc/arm-atollic-eabi/6.3.1/../../../../arm-atollic-eabi/lib/armv7-m\libc_nano.a(lib_a-memmove.o)
 .ARM.attributes
                0x00000584       0x2d e:/1a asu racing team/atollic/truestudio for stm32 9.3.0/armtools/bin/../lib/gcc/arm-atollic-eabi/6.3.1/../../../../arm-atollic-eabi/lib/armv7-m\libc_nano.a(lib_a-nano-freer.o)
 .ARM.attributes
                0x000005b1       0x2d e:/1a asu racing team/atollic/truestudio for stm32 9.3.0/armtools/bin/../lib/gcc/arm-atollic-eabi/6.3.1/../../../../arm-atollic-eabi/lib/armv7-m\libc_nano.a(lib_a-nano-mallocr.o)
 .ARM.attributes
                0x000005de       0x2d e:/1a asu racing team/atollic/truestudio for stm32 9.3.0/armtools/bin/../lib/gcc/arm-atollic-eabi/6.3.1/../../../../arm-atollic-eabi/lib/armv7-m\libc_nano.a(lib_a-nano-reallocr.o)
 .ARM.attributes
                0x0000060b       0x2d e:/1a asu racing team/atollic/truestudio for stm32 9.3.0/armtools/bin/../lib/gcc/arm-atollic-eabi/6.3.1/../../../../arm-atollic-eabi/lib/armv7-m\libc_nano.a(lib_a-sbrkr.o)
 .ARM.attributes
                0x00000638       0x2d e:/1a asu racing team/atollic/truestudio for stm32 9.3.0/armtools/bin/../lib/gcc/arm-atollic-eabi/6.3.1/../../../../arm-atollic-eabi/lib/armv7-m\libc_nano.a(lib_a-mlock.o)
 .ARM.attributes
                0x00000665       0x2d e:/1a asu racing team/atollic/truestudio for stm32 9.3.0/armtools/bin/../lib/gcc/arm-atollic-eabi/6.3.1/../../../../arm-atollic-eabi/lib/armv7-m\libc_nano.a(lib_a-nano-msizer.o)
 .ARM.attributes
                0x00000692       0x2d e:/1a asu racing team/atollic/truestudio for stm32 9.3.0/armtools/bin/../lib/gcc/arm-atollic-eabi/6.3.1/../../../../arm-atollic-eabi/lib/armv7-m\libc_nano.a(lib_a-reent.o)
 .ARM.attributes
                0x000006bf       0x2d e:/1a asu racing team/atollic/truestudio for stm32 9.3.0/armtools/bin/../lib/gcc/arm-atollic-eabi/6.3.1/../../../../arm-atollic-eabi/lib/armv7-m\libm.a(lib_a-s_cos.o)
 .ARM.attributes
                0x000006ec       0x2d e:/1a asu racing team/atollic/truestudio for stm32 9.3.0/armtools/bin/../lib/gcc/arm-atollic-eabi/6.3.1/../../../../arm-atollic-eabi/lib/armv7-m\libm.a(lib_a-s_sin.o)
 .ARM.attributes
                0x00000719       0x2d e:/1a asu racing team/atollic/truestudio for stm32 9.3.0/armtools/bin/../lib/gcc/arm-atollic-eabi/6.3.1/../../../../arm-atollic-eabi/lib/armv7-m\libm.a(lib_a-e_rem_pio2.o)
 .ARM.attributes
                0x00000746       0x2d e:/1a asu racing team/atollic/truestudio for stm32 9.3.0/armtools/bin/../lib/gcc/arm-atollic-eabi/6.3.1/../../../../arm-atollic-eabi/lib/armv7-m\libm.a(lib_a-k_cos.o)
 .ARM.attributes
                0x00000773       0x2d e:/1a asu racing team/atollic/truestudio for stm32 9.3.0/armtools/bin/../lib/gcc/arm-atollic-eabi/6.3.1/../../../../arm-atollic-eabi/lib/armv7-m\libm.a(lib_a-k_rem_pio2.o)
 .ARM.attributes
                0x000007a0       0x2d e:/1a asu racing team/atollic/truestudio for stm32 9.3.0/armtools/bin/../lib/gcc/arm-atollic-eabi/6.3.1/../../../../arm-atollic-eabi/lib/armv7-m\libm.a(lib_a-k_sin.o)
 .ARM.attributes
                0x000007cd       0x2d e:/1a asu racing team/atollic/truestudio for stm32 9.3.0/armtools/bin/../lib/gcc/arm-atollic-eabi/6.3.1/../../../../arm-atollic-eabi/lib/armv7-m\libm.a(lib_a-s_fabs.o)
 .ARM.attributes
                0x000007fa       0x2d e:/1a asu racing team/atollic/truestudio for stm32 9.3.0/armtools/bin/../lib/gcc/arm-atollic-eabi/6.3.1/../../../../arm-atollic-eabi/lib/armv7-m\libm.a(lib_a-s_floor.o)
 .ARM.attributes
                0x00000827       0x2d e:/1a asu racing team/atollic/truestudio for stm32 9.3.0/armtools/bin/../lib/gcc/arm-atollic-eabi/6.3.1/../../../../arm-atollic-eabi/lib/armv7-m\libm.a(lib_a-s_scalbn.o)
 .ARM.attributes
                0x00000854       0x2d e:/1a asu racing team/atollic/truestudio for stm32 9.3.0/armtools/bin/../lib/gcc/arm-atollic-eabi/6.3.1/../../../../arm-atollic-eabi/lib/armv7-m\libm.a(lib_a-s_copysign.o)
 .ARM.attributes
                0x00000881       0x1d e:/1a asu racing team/atollic/truestudio for stm32 9.3.0/armtools/bin/../lib/gcc/arm-atollic-eabi/6.3.1/armv7-m\libgcc.a(_arm_addsubdf3.o)
 .ARM.attributes
                0x0000089e       0x1d e:/1a asu racing team/atollic/truestudio for stm32 9.3.0/armtools/bin/../lib/gcc/arm-atollic-eabi/6.3.1/armv7-m\libgcc.a(_arm_muldivdf3.o)
 .ARM.attributes
                0x000008bb       0x1d e:/1a asu racing team/atollic/truestudio for stm32 9.3.0/armtools/bin/../lib/gcc/arm-atollic-eabi/6.3.1/armv7-m\libgcc.a(_arm_cmpdf2.o)
 .ARM.attributes
                0x000008d8       0x1d e:/1a asu racing team/atollic/truestudio for stm32 9.3.0/armtools/bin/../lib/gcc/arm-atollic-eabi/6.3.1/armv7-m\libgcc.a(_arm_fixdfsi.o)
 .ARM.attributes
                0x000008f5       0x1d e:/1a asu racing team/atollic/truestudio for stm32 9.3.0/armtools/bin/../lib/gcc/arm-atollic-eabi/6.3.1/armv7-m/crtn.o
OUTPUT(ICE DB.elf elf32-littlearm)

.debug_info     0x00000000    0x1360e
 .debug_info    0x00000000      0x7cd Drivers\STM32F1xx_HAL_Driver\Src\stm32f1xx_hal.o
 .debug_info    0x000007cd      0xca7 Drivers\STM32F1xx_HAL_Driver\Src\stm32f1xx_hal_cortex.o
 .debug_info    0x00001474      0x691 Drivers\STM32F1xx_HAL_Driver\Src\stm32f1xx_hal_gpio.o
 .debug_info    0x00001b05      0xa01 Drivers\STM32F1xx_HAL_Driver\Src\stm32f1xx_hal_rcc.o
 .debug_info    0x00002506     0x34cc Drivers\STM32F1xx_HAL_Driver\Src\stm32f1xx_hal_tim.o
 .debug_info    0x000059d2     0x12fc Drivers\STM32F1xx_HAL_Driver\Src\stm32f1xx_hal_tim_ex.o
 .debug_info    0x00006cce     0x1a03 Src\DrawingFunctions.o
 .debug_info    0x000086d1      0x3f3 Src\SteeringWheel.o
 .debug_info    0x00008ac4      0x454 Src\fonts.o
 .debug_info    0x00008f18     0x1e46 Src\main.o
 .debug_info    0x0000ad5e      0x79d Src\stm32f1xx_hal_msp.o
 .debug_info    0x0000b4fb      0x1fe Src\stm32f1xx_it.o
 .debug_info    0x0000b6f9      0xfe1 Src\syscalls.o
 .debug_info    0x0000c6da      0x437 Src\system_stm32f1xx.o
 .debug_info    0x0000cb11     0x6a7f Src\tft.o
 .debug_info    0x00013590       0x7e startup\startup_stm32f103xb.o

.debug_abbrev   0x00000000     0x24dc
 .debug_abbrev  0x00000000      0x24a Drivers\STM32F1xx_HAL_Driver\Src\stm32f1xx_hal.o
 .debug_abbrev  0x0000024a      0x2f8 Drivers\STM32F1xx_HAL_Driver\Src\stm32f1xx_hal_cortex.o
 .debug_abbrev  0x00000542      0x1e4 Drivers\STM32F1xx_HAL_Driver\Src\stm32f1xx_hal_gpio.o
 .debug_abbrev  0x00000726      0x2c1 Drivers\STM32F1xx_HAL_Driver\Src\stm32f1xx_hal_rcc.o
 .debug_abbrev  0x000009e7      0x335 Drivers\STM32F1xx_HAL_Driver\Src\stm32f1xx_hal_tim.o
 .debug_abbrev  0x00000d1c      0x29c Drivers\STM32F1xx_HAL_Driver\Src\stm32f1xx_hal_tim_ex.o
 .debug_abbrev  0x00000fb8      0x2ec Src\DrawingFunctions.o
 .debug_abbrev  0x000012a4      0x189 Src\SteeringWheel.o
 .debug_abbrev  0x0000142d       0xbb Src\fonts.o
 .debug_abbrev  0x000014e8      0x384 Src\main.o
 .debug_abbrev  0x0000186c      0x18c Src\stm32f1xx_hal_msp.o
 .debug_abbrev  0x000019f8      0x112 Src\stm32f1xx_it.o
 .debug_abbrev  0x00001b0a      0x2d9 Src\syscalls.o
 .debug_abbrev  0x00001de3      0x12f Src\system_stm32f1xx.o
 .debug_abbrev  0x00001f12      0x5b8 Src\tft.o
 .debug_abbrev  0x000024ca       0x12 startup\startup_stm32f103xb.o

.debug_loc      0x00000000     0xa84e
 .debug_loc     0x00000000      0x10c Drivers\STM32F1xx_HAL_Driver\Src\stm32f1xx_hal.o
 .debug_loc     0x0000010c      0x487 Drivers\STM32F1xx_HAL_Driver\Src\stm32f1xx_hal_cortex.o
 .debug_loc     0x00000593      0x2f5 Drivers\STM32F1xx_HAL_Driver\Src\stm32f1xx_hal_gpio.o
 .debug_loc     0x00000888      0x478 Drivers\STM32F1xx_HAL_Driver\Src\stm32f1xx_hal_rcc.o
 .debug_loc     0x00000d00     0x2f5a Drivers\STM32F1xx_HAL_Driver\Src\stm32f1xx_hal_tim.o
 .debug_loc     0x00003c5a      0xa7c Drivers\STM32F1xx_HAL_Driver\Src\stm32f1xx_hal_tim_ex.o
 .debug_loc     0x000046d6      0xd3d Src\DrawingFunctions.o
 .debug_loc     0x00005413       0x61 Src\SteeringWheel.o
 .debug_loc     0x00005474      0x216 Src\main.o
 .debug_loc     0x0000568a      0x3ef Src\syscalls.o
 .debug_loc     0x00005a79       0xcd Src\system_stm32f1xx.o
 .debug_loc     0x00005b46     0x4d08 Src\tft.o

.debug_aranges  0x00000000      0xac0
 .debug_aranges
                0x00000000       0xd8 Drivers\STM32F1xx_HAL_Driver\Src\stm32f1xx_hal.o
 .debug_aranges
                0x000000d8       0x90 Drivers\STM32F1xx_HAL_Driver\Src\stm32f1xx_hal_cortex.o
 .debug_aranges
                0x00000168       0x58 Drivers\STM32F1xx_HAL_Driver\Src\stm32f1xx_hal_gpio.o
 .debug_aranges
                0x000001c0       0x88 Drivers\STM32F1xx_HAL_Driver\Src\stm32f1xx_hal_rcc.o
 .debug_aranges
                0x00000248      0x278 Drivers\STM32F1xx_HAL_Driver\Src\stm32f1xx_hal_tim.o
 .debug_aranges
                0x000004c0       0xf8 Drivers\STM32F1xx_HAL_Driver\Src\stm32f1xx_hal_tim_ex.o
 .debug_aranges
                0x000005b8       0xa0 Src\DrawingFunctions.o
 .debug_aranges
                0x00000658       0x28 Src\SteeringWheel.o
 .debug_aranges
                0x00000680       0x18 Src\fonts.o
 .debug_aranges
                0x00000698       0x48 Src\main.o
 .debug_aranges
                0x000006e0       0x30 Src\stm32f1xx_hal_msp.o
 .debug_aranges
                0x00000710       0x48 Src\stm32f1xx_it.o
 .debug_aranges
                0x00000758       0xb0 Src\syscalls.o
 .debug_aranges
                0x00000808       0x28 Src\system_stm32f1xx.o
 .debug_aranges
                0x00000830      0x268 Src\tft.o
 .debug_aranges
                0x00000a98       0x28 startup\startup_stm32f103xb.o

.debug_ranges   0x00000000     0x1388
 .debug_ranges  0x00000000       0xc8 Drivers\STM32F1xx_HAL_Driver\Src\stm32f1xx_hal.o
 .debug_ranges  0x000000c8      0x128 Drivers\STM32F1xx_HAL_Driver\Src\stm32f1xx_hal_cortex.o
 .debug_ranges  0x000001f0       0x60 Drivers\STM32F1xx_HAL_Driver\Src\stm32f1xx_hal_gpio.o
 .debug_ranges  0x00000250       0xa0 Drivers\STM32F1xx_HAL_Driver\Src\stm32f1xx_hal_rcc.o
 .debug_ranges  0x000002f0      0x348 Drivers\STM32F1xx_HAL_Driver\Src\stm32f1xx_hal_tim.o
 .debug_ranges  0x00000638       0xe8 Drivers\STM32F1xx_HAL_Driver\Src\stm32f1xx_hal_tim_ex.o
 .debug_ranges  0x00000720      0x138 Src\DrawingFunctions.o
 .debug_ranges  0x00000858       0x30 Src\SteeringWheel.o
 .debug_ranges  0x00000888      0x110 Src\main.o
 .debug_ranges  0x00000998       0x68 Src\stm32f1xx_hal_msp.o
 .debug_ranges  0x00000a00       0x38 Src\stm32f1xx_it.o
 .debug_ranges  0x00000a38       0xa0 Src\syscalls.o
 .debug_ranges  0x00000ad8       0x18 Src\system_stm32f1xx.o
 .debug_ranges  0x00000af0      0x878 Src\tft.o
 .debug_ranges  0x00001368       0x20 startup\startup_stm32f103xb.o

.debug_line     0x00000000     0x5662
 .debug_line    0x00000000      0x3e9 Drivers\STM32F1xx_HAL_Driver\Src\stm32f1xx_hal.o
 .debug_line    0x000003e9      0x3e4 Drivers\STM32F1xx_HAL_Driver\Src\stm32f1xx_hal_cortex.o
 .debug_line    0x000007cd      0x3a9 Drivers\STM32F1xx_HAL_Driver\Src\stm32f1xx_hal_gpio.o
 .debug_line    0x00000b76      0x580 Drivers\STM32F1xx_HAL_Driver\Src\stm32f1xx_hal_rcc.o
 .debug_line    0x000010f6     0x1177 Drivers\STM32F1xx_HAL_Driver\Src\stm32f1xx_hal_tim.o
 .debug_line    0x0000226d      0x6d3 Drivers\STM32F1xx_HAL_Driver\Src\stm32f1xx_hal_tim_ex.o
 .debug_line    0x00002940      0x519 Src\DrawingFunctions.o
 .debug_line    0x00002e59      0x25d Src\SteeringWheel.o
 .debug_line    0x000030b6      0x124 Src\fonts.o
 .debug_line    0x000031da      0x52c Src\main.o
 .debug_line    0x00003706      0x256 Src\stm32f1xx_hal_msp.o
 .debug_line    0x0000395c      0x21b Src\stm32f1xx_it.o
 .debug_line    0x00003b77      0x3bc Src\syscalls.o
 .debug_line    0x00003f33      0x226 Src\system_stm32f1xx.o
 .debug_line    0x00004159     0x148c Src\tft.o
 .debug_line    0x000055e5       0x7d startup\startup_stm32f103xb.o

.debug_str      0x00000000     0x3cae
 .debug_str     0x00000000      0x806 Drivers\STM32F1xx_HAL_Driver\Src\stm32f1xx_hal.o
                                0x86f (size before relaxing)
 .debug_str     0x00000806      0x3c5 Drivers\STM32F1xx_HAL_Driver\Src\stm32f1xx_hal_cortex.o
                                0x991 (size before relaxing)
 .debug_str     0x00000bcb      0x1cf Drivers\STM32F1xx_HAL_Driver\Src\stm32f1xx_hal_gpio.o
                                0x4e2 (size before relaxing)
 .debug_str     0x00000d9a      0x331 Drivers\STM32F1xx_HAL_Driver\Src\stm32f1xx_hal_rcc.o
                                0x6cb (size before relaxing)
 .debug_str     0x000010cb     0x11c9 Drivers\STM32F1xx_HAL_Driver\Src\stm32f1xx_hal_tim.o
                               0x1513 (size before relaxing)
 .debug_str     0x00002294      0x548 Drivers\STM32F1xx_HAL_Driver\Src\stm32f1xx_hal_tim_ex.o
                                0xd2b (size before relaxing)
 .debug_str     0x000027dc      0x70a Src\DrawingFunctions.o
                                0x99f (size before relaxing)
 .debug_str     0x00002ee6       0x47 Src\SteeringWheel.o
                                0x309 (size before relaxing)
 .debug_str     0x00002f2d      0x132 Src\fonts.o
                                0x3b6 (size before relaxing)
 .debug_str     0x0000305f       0xe8 Src\main.o
                               0x10aa (size before relaxing)
 .debug_str     0x00003147       0x25 Src\stm32f1xx_hal_msp.o
                                0x6e4 (size before relaxing)
 .debug_str     0x0000316c       0xa6 Src\stm32f1xx_it.o
                                0x313 (size before relaxing)
 .debug_str     0x00003212      0x256 Src\syscalls.o
                                0x85d (size before relaxing)
 .debug_str     0x00003468       0x4d Src\system_stm32f1xx.o
                                0x351 (size before relaxing)
 .debug_str     0x000034b5      0x7f9 Src\tft.o
                               0x10e8 (size before relaxing)

.comment        0x00000000       0x7c
 .comment       0x00000000       0x7c Drivers\STM32F1xx_HAL_Driver\Src\stm32f1xx_hal.o
                                 0x7d (size before relaxing)
 .comment       0x0000007c       0x7d Drivers\STM32F1xx_HAL_Driver\Src\stm32f1xx_hal_cortex.o
 .comment       0x0000007c       0x7d Drivers\STM32F1xx_HAL_Driver\Src\stm32f1xx_hal_gpio.o
 .comment       0x0000007c       0x7d Drivers\STM32F1xx_HAL_Driver\Src\stm32f1xx_hal_rcc.o
 .comment       0x0000007c       0x7d Drivers\STM32F1xx_HAL_Driver\Src\stm32f1xx_hal_tim.o
 .comment       0x0000007c       0x7d Drivers\STM32F1xx_HAL_Driver\Src\stm32f1xx_hal_tim_ex.o
 .comment       0x0000007c       0x7d Src\DrawingFunctions.o
 .comment       0x0000007c       0x7d Src\SteeringWheel.o
 .comment       0x0000007c       0x7d Src\fonts.o
 .comment       0x0000007c       0x7d Src\main.o
 .comment       0x0000007c       0x7d Src\stm32f1xx_hal_msp.o
 .comment       0x0000007c       0x7d Src\stm32f1xx_it.o
 .comment       0x0000007c       0x7d Src\syscalls.o
 .comment       0x0000007c       0x7d Src\system_stm32f1xx.o
 .comment       0x0000007c       0x7d Src\tft.o

.debug_frame    0x00000000     0x2ac0
 .debug_frame   0x00000000      0x1d4 Drivers\STM32F1xx_HAL_Driver\Src\stm32f1xx_hal.o
 .debug_frame   0x000001d4      0x120 Drivers\STM32F1xx_HAL_Driver\Src\stm32f1xx_hal_cortex.o
 .debug_frame   0x000002f4       0xd4 Drivers\STM32F1xx_HAL_Driver\Src\stm32f1xx_hal_gpio.o
 .debug_frame   0x000003c8      0x150 Drivers\STM32F1xx_HAL_Driver\Src\stm32f1xx_hal_rcc.o
 .debug_frame   0x00000518      0x928 Drivers\STM32F1xx_HAL_Driver\Src\stm32f1xx_hal_tim.o
 .debug_frame   0x00000e40      0x360 Drivers\STM32F1xx_HAL_Driver\Src\stm32f1xx_hal_tim_ex.o
 .debug_frame   0x000011a0      0x2e4 Src\DrawingFunctions.o
 .debug_frame   0x00001484       0x4c Src\SteeringWheel.o
 .debug_frame   0x000014d0       0xc4 Src\main.o
 .debug_frame   0x00001594       0x50 Src\stm32f1xx_hal_msp.o
 .debug_frame   0x000015e4       0xa0 Src\stm32f1xx_it.o
 .debug_frame   0x00001684      0x1a8 Src\syscalls.o
 .debug_frame   0x0000182c       0x30 Src\system_stm32f1xx.o
 .debug_frame   0x0000185c      0xa34 Src\tft.o
 .debug_frame   0x00002290       0x20 e:/1a asu racing team/atollic/truestudio for stm32 9.3.0/armtools/bin/../lib/gcc/arm-atollic-eabi/6.3.1/../../../../arm-atollic-eabi/lib/armv7-m\libc_nano.a(lib_a-errno.o)
 .debug_frame   0x000022b0       0x2c e:/1a asu racing team/atollic/truestudio for stm32 9.3.0/armtools/bin/../lib/gcc/arm-atollic-eabi/6.3.1/../../../../arm-atollic-eabi/lib/armv7-m\libc_nano.a(lib_a-init.o)
 .debug_frame   0x000022dc       0x38 e:/1a asu racing team/atollic/truestudio for stm32 9.3.0/armtools/bin/../lib/gcc/arm-atollic-eabi/6.3.1/../../../../arm-atollic-eabi/lib/armv7-m\libc_nano.a(lib_a-itoa.o)
 .debug_frame   0x00002314       0x20 e:/1a asu racing team/atollic/truestudio for stm32 9.3.0/armtools/bin/../lib/gcc/arm-atollic-eabi/6.3.1/../../../../arm-atollic-eabi/lib/armv7-m\libc_nano.a(lib_a-memset.o)
 .debug_frame   0x00002334       0x70 e:/1a asu racing team/atollic/truestudio for stm32 9.3.0/armtools/bin/../lib/gcc/arm-atollic-eabi/6.3.1/../../../../arm-atollic-eabi/lib/armv7-m\libc_nano.a(lib_a-sprintf.o)
 .debug_frame   0x000023a4       0x48 e:/1a asu racing team/atollic/truestudio for stm32 9.3.0/armtools/bin/../lib/gcc/arm-atollic-eabi/6.3.1/../../../../arm-atollic-eabi/lib/armv7-m\libc_nano.a(lib_a-utoa.o)
 .debug_frame   0x000023ec       0x90 e:/1a asu racing team/atollic/truestudio for stm32 9.3.0/armtools/bin/../lib/gcc/arm-atollic-eabi/6.3.1/../../../../arm-atollic-eabi/lib/armv7-m\libc_nano.a(lib_a-nano-svfprintf.o)
 .debug_frame   0x0000247c       0x60 e:/1a asu racing team/atollic/truestudio for stm32 9.3.0/armtools/bin/../lib/gcc/arm-atollic-eabi/6.3.1/../../../../arm-atollic-eabi/lib/armv7-m\libc_nano.a(lib_a-nano-vfprintf_i.o)
 .debug_frame   0x000024dc       0x28 e:/1a asu racing team/atollic/truestudio for stm32 9.3.0/armtools/bin/../lib/gcc/arm-atollic-eabi/6.3.1/../../../../arm-atollic-eabi/lib/armv7-m\libc_nano.a(lib_a-memchr-stub.o)
 .debug_frame   0x00002504       0x28 e:/1a asu racing team/atollic/truestudio for stm32 9.3.0/armtools/bin/../lib/gcc/arm-atollic-eabi/6.3.1/../../../../arm-atollic-eabi/lib/armv7-m\libc_nano.a(lib_a-memcpy-stub.o)
 .debug_frame   0x0000252c       0x28 e:/1a asu racing team/atollic/truestudio for stm32 9.3.0/armtools/bin/../lib/gcc/arm-atollic-eabi/6.3.1/../../../../arm-atollic-eabi/lib/armv7-m\libc_nano.a(lib_a-memmove.o)
 .debug_frame   0x00002554       0x38 e:/1a asu racing team/atollic/truestudio for stm32 9.3.0/armtools/bin/../lib/gcc/arm-atollic-eabi/6.3.1/../../../../arm-atollic-eabi/lib/armv7-m\libc_nano.a(lib_a-nano-freer.o)
 .debug_frame   0x0000258c       0x2c e:/1a asu racing team/atollic/truestudio for stm32 9.3.0/armtools/bin/../lib/gcc/arm-atollic-eabi/6.3.1/../../../../arm-atollic-eabi/lib/armv7-m\libc_nano.a(lib_a-nano-mallocr.o)
 .debug_frame   0x000025b8       0x3c e:/1a asu racing team/atollic/truestudio for stm32 9.3.0/armtools/bin/../lib/gcc/arm-atollic-eabi/6.3.1/../../../../arm-atollic-eabi/lib/armv7-m\libc_nano.a(lib_a-nano-reallocr.o)
 .debug_frame   0x000025f4       0x2c e:/1a asu racing team/atollic/truestudio for stm32 9.3.0/armtools/bin/../lib/gcc/arm-atollic-eabi/6.3.1/../../../../arm-atollic-eabi/lib/armv7-m\libc_nano.a(lib_a-sbrkr.o)
 .debug_frame   0x00002620       0x30 e:/1a asu racing team/atollic/truestudio for stm32 9.3.0/armtools/bin/../lib/gcc/arm-atollic-eabi/6.3.1/../../../../arm-atollic-eabi/lib/armv7-m\libc_nano.a(lib_a-mlock.o)
 .debug_frame   0x00002650       0x20 e:/1a asu racing team/atollic/truestudio for stm32 9.3.0/armtools/bin/../lib/gcc/arm-atollic-eabi/6.3.1/../../../../arm-atollic-eabi/lib/armv7-m\libc_nano.a(lib_a-nano-msizer.o)
 .debug_frame   0x00002670       0x5c e:/1a asu racing team/atollic/truestudio for stm32 9.3.0/armtools/bin/../lib/gcc/arm-atollic-eabi/6.3.1/../../../../arm-atollic-eabi/lib/armv7-m\libc_nano.a(lib_a-reent.o)
 .debug_frame   0x000026cc       0x34 e:/1a asu racing team/atollic/truestudio for stm32 9.3.0/armtools/bin/../lib/gcc/arm-atollic-eabi/6.3.1/../../../../arm-atollic-eabi/lib/armv7-m\libm.a(lib_a-s_cos.o)
 .debug_frame   0x00002700       0x34 e:/1a asu racing team/atollic/truestudio for stm32 9.3.0/armtools/bin/../lib/gcc/arm-atollic-eabi/6.3.1/../../../../arm-atollic-eabi/lib/armv7-m\libm.a(lib_a-s_sin.o)
 .debug_frame   0x00002734       0x40 e:/1a asu racing team/atollic/truestudio for stm32 9.3.0/armtools/bin/../lib/gcc/arm-atollic-eabi/6.3.1/../../../../arm-atollic-eabi/lib/armv7-m\libm.a(lib_a-e_rem_pio2.o)
 .debug_frame   0x00002774       0x40 e:/1a asu racing team/atollic/truestudio for stm32 9.3.0/armtools/bin/../lib/gcc/arm-atollic-eabi/6.3.1/../../../../arm-atollic-eabi/lib/armv7-m\libm.a(lib_a-k_cos.o)
 .debug_frame   0x000027b4       0x44 e:/1a asu racing team/atollic/truestudio for stm32 9.3.0/armtools/bin/../lib/gcc/arm-atollic-eabi/6.3.1/../../../../arm-atollic-eabi/lib/armv7-m\libm.a(lib_a-k_rem_pio2.o)
 .debug_frame   0x000027f8       0x40 e:/1a asu racing team/atollic/truestudio for stm32 9.3.0/armtools/bin/../lib/gcc/arm-atollic-eabi/6.3.1/../../../../arm-atollic-eabi/lib/armv7-m\libm.a(lib_a-k_sin.o)
 .debug_frame   0x00002838       0x20 e:/1a asu racing team/atollic/truestudio for stm32 9.3.0/armtools/bin/../lib/gcc/arm-atollic-eabi/6.3.1/../../../../arm-atollic-eabi/lib/armv7-m\libm.a(lib_a-s_fabs.o)
 .debug_frame   0x00002858       0x34 e:/1a asu racing team/atollic/truestudio for stm32 9.3.0/armtools/bin/../lib/gcc/arm-atollic-eabi/6.3.1/../../../../arm-atollic-eabi/lib/armv7-m\libm.a(lib_a-s_floor.o)
 .debug_frame   0x0000288c       0x30 e:/1a asu racing team/atollic/truestudio for stm32 9.3.0/armtools/bin/../lib/gcc/arm-atollic-eabi/6.3.1/../../../../arm-atollic-eabi/lib/armv7-m\libm.a(lib_a-s_scalbn.o)
 .debug_frame   0x000028bc       0x20 e:/1a asu racing team/atollic/truestudio for stm32 9.3.0/armtools/bin/../lib/gcc/arm-atollic-eabi/6.3.1/../../../../arm-atollic-eabi/lib/armv7-m\libm.a(lib_a-s_copysign.o)
 .debug_frame   0x000028dc       0xac e:/1a asu racing team/atollic/truestudio for stm32 9.3.0/armtools/bin/../lib/gcc/arm-atollic-eabi/6.3.1/armv7-m\libgcc.a(_arm_addsubdf3.o)
 .debug_frame   0x00002988       0x50 e:/1a asu racing team/atollic/truestudio for stm32 9.3.0/armtools/bin/../lib/gcc/arm-atollic-eabi/6.3.1/armv7-m\libgcc.a(_arm_muldivdf3.o)
 .debug_frame   0x000029d8       0xc4 e:/1a asu racing team/atollic/truestudio for stm32 9.3.0/armtools/bin/../lib/gcc/arm-atollic-eabi/6.3.1/armv7-m\libgcc.a(_arm_cmpdf2.o)
 .debug_frame   0x00002a9c       0x24 e:/1a asu racing team/atollic/truestudio for stm32 9.3.0/armtools/bin/../lib/gcc/arm-atollic-eabi/6.3.1/armv7-m\libgcc.a(_arm_fixdfsi.o)
